  Camera.cpp
  DirectionalLight.cpp
  Light.cpp
  Main.cpp
C:\Users\sayoo\Documents\Visual Studio 2022\Projects\SynthWave-Engine\OpenGLApp\Main.cpp(209,15): warning C4244: 'initializing': conversion from 'double' to 'GLfloat', possible loss of data
  Material.cpp
  Mesh.cpp
  Model.cpp
C:\Users\sayoo\Documents\Visual Studio 2022\Projects\SynthWave-Engine\OpenGLApp\Model.cpp(30,10): warning C4477: 'printf' : format string '%s' requires an argument of type 'char *', but variadic argument 1 has type 'const std::string'
C:\Users\sayoo\Documents\Visual Studio 2022\Projects\SynthWave-Engine\OpenGLApp\Model.cpp(30,67): warning C4474: 'printf' : too many arguments passed for format string
C:\Users\sayoo\Documents\Visual Studio 2022\Projects\SynthWave-Engine\OpenGLApp\Model.cpp(30,67): message : placeholders and their parameters expect 1 variadic arguments, but 2 were provided
C:\Users\sayoo\Documents\Visual Studio 2022\Projects\SynthWave-Engine\OpenGLApp\Model.cpp(127,13): warning C4477: 'printf' : format string '%s' requires an argument of type 'char *', but variadic argument 1 has type 'std::string'
C:\Users\sayoo\Documents\Visual Studio 2022\Projects\SynthWave-Engine\OpenGLApp\Model.cpp(105,75): warning C4390: ';': empty controlled statement found; is this the intent?
  PointLight.cpp
  Shader.cpp
  SpotLight.cpp
  Texture.cpp
  Window.cpp
C:\Users\sayoo\Documents\Visual Studio 2022\Projects\SynthWave-Engine\OpenGLApp\Window.cpp(136,22): warning C4244: '=': conversion from 'double' to 'GLfloat', possible loss of data
C:\Users\sayoo\Documents\Visual Studio 2022\Projects\SynthWave-Engine\OpenGLApp\Window.cpp(137,22): warning C4244: '=': conversion from 'double' to 'GLfloat', possible loss of data
C:\Users\sayoo\Documents\Visual Studio 2022\Projects\SynthWave-Engine\OpenGLApp\Window.cpp(141,28): warning C4244: '=': conversion from 'double' to 'GLfloat', possible loss of data
C:\Users\sayoo\Documents\Visual Studio 2022\Projects\SynthWave-Engine\OpenGLApp\Window.cpp(142,40): warning C4244: '=': conversion from 'double' to 'GLfloat', possible loss of data
C:\Users\sayoo\Documents\Visual Studio 2022\Projects\SynthWave-Engine\OpenGLApp\Window.cpp(144,21): warning C4244: '=': conversion from 'double' to 'GLfloat', possible loss of data
C:\Users\sayoo\Documents\Visual Studio 2022\Projects\SynthWave-Engine\OpenGLApp\Window.cpp(145,21): warning C4244: '=': conversion from 'double' to 'GLfloat', possible loss of data
  Generating Code...
C:\Users\sayoo\Documents\Visual Studio 2022\Projects\SynthWave-Engine\OpenGLApp\Window.cpp(86): warning C4715: 'Window::Initialise': not all control paths return a value
LINK : warning LNK4098: defaultlib 'MSVCRT' conflicts with use of other libs; use /NODEFAULTLIB:library
DirectionalLight.obj : error LNK2019: unresolved external symbol __imp____glewUniform1f referenced in function "public: void __thiscall DirectionalLight::UseLight(unsigned int,unsigned int,unsigned int,unsigned int)" (?UseLight@DirectionalLight@@QAEXIIII@Z)
Material.obj : error LNK2001: unresolved external symbol __imp____glewUniform1f
PointLight.obj : error LNK2001: unresolved external symbol __imp____glewUniform1f
SpotLight.obj : error LNK2001: unresolved external symbol __imp____glewUniform1f
DirectionalLight.obj : error LNK2019: unresolved external symbol __imp____glewUniform3f referenced in function "public: void __thiscall DirectionalLight::UseLight(unsigned int,unsigned int,unsigned int,unsigned int)" (?UseLight@DirectionalLight@@QAEXIIII@Z)
Main.obj : error LNK2001: unresolved external symbol __imp____glewUniform3f
PointLight.obj : error LNK2001: unresolved external symbol __imp____glewUniform3f
SpotLight.obj : error LNK2001: unresolved external symbol __imp____glewUniform3f
Main.obj : error LNK2019: unresolved external symbol __imp____glewUniformMatrix4fv referenced in function _main
Main.obj : error LNK2019: unresolved external symbol __imp____glewUseProgram referenced in function _main
Shader.obj : error LNK2001: unresolved external symbol __imp____glewUseProgram
Mesh.obj : error LNK2019: unresolved external symbol __imp____glewBindBuffer referenced in function "public: void __thiscall Mesh::CreateMesh(float *,unsigned int *,unsigned int,unsigned int)" (?CreateMesh@Mesh@@QAEXPAMPAIII@Z)
Mesh.obj : error LNK2019: unresolved external symbol __imp____glewBufferData referenced in function "public: void __thiscall Mesh::CreateMesh(float *,unsigned int *,unsigned int,unsigned int)" (?CreateMesh@Mesh@@QAEXPAMPAIII@Z)
Mesh.obj : error LNK2019: unresolved external symbol __imp____glewDeleteBuffers referenced in function "public: void __thiscall Mesh::ClearMesh(void)" (?ClearMesh@Mesh@@QAEXXZ)
Mesh.obj : error LNK2019: unresolved external symbol __imp____glewGenBuffers referenced in function "public: void __thiscall Mesh::CreateMesh(float *,unsigned int *,unsigned int,unsigned int)" (?CreateMesh@Mesh@@QAEXPAMPAIII@Z)
Mesh.obj : error LNK2019: unresolved external symbol __imp____glewEnableVertexAttribArray referenced in function "public: void __thiscall Mesh::CreateMesh(float *,unsigned int *,unsigned int,unsigned int)" (?CreateMesh@Mesh@@QAEXPAMPAIII@Z)
Mesh.obj : error LNK2019: unresolved external symbol __imp____glewVertexAttribPointer referenced in function "public: void __thiscall Mesh::CreateMesh(float *,unsigned int *,unsigned int,unsigned int)" (?CreateMesh@Mesh@@QAEXPAMPAIII@Z)
Mesh.obj : error LNK2019: unresolved external symbol __imp____glewBindVertexArray referenced in function "public: void __thiscall Mesh::CreateMesh(float *,unsigned int *,unsigned int,unsigned int)" (?CreateMesh@Mesh@@QAEXPAMPAIII@Z)
Mesh.obj : error LNK2019: unresolved external symbol __imp____glewDeleteVertexArrays referenced in function "public: void __thiscall Mesh::ClearMesh(void)" (?ClearMesh@Mesh@@QAEXXZ)
Mesh.obj : error LNK2019: unresolved external symbol __imp____glewGenVertexArrays referenced in function "public: void __thiscall Mesh::CreateMesh(float *,unsigned int *,unsigned int,unsigned int)" (?CreateMesh@Mesh@@QAEXPAMPAIII@Z)
Shader.obj : error LNK2019: unresolved external symbol __imp____glewAttachShader referenced in function "private: void __thiscall Shader::AddShader(unsigned int,char const *,unsigned int)" (?AddShader@Shader@@AAEXIPBDI@Z)
Shader.obj : error LNK2019: unresolved external symbol __imp____glewCompileShader referenced in function "private: void __thiscall Shader::AddShader(unsigned int,char const *,unsigned int)" (?AddShader@Shader@@AAEXIPBDI@Z)
Shader.obj : error LNK2019: unresolved external symbol __imp____glewCreateProgram referenced in function "private: void __thiscall Shader::CompileShader(char const *,char const *)" (?CompileShader@Shader@@AAEXPBD0@Z)
Shader.obj : error LNK2019: unresolved external symbol __imp____glewCreateShader referenced in function "private: void __thiscall Shader::AddShader(unsigned int,char const *,unsigned int)" (?AddShader@Shader@@AAEXIPBDI@Z)
Shader.obj : error LNK2019: unresolved external symbol __imp____glewDeleteProgram referenced in function "public: void __thiscall Shader::ClearShader(void)" (?ClearShader@Shader@@QAEXXZ)
Shader.obj : error LNK2019: unresolved external symbol __imp____glewGetProgramInfoLog referenced in function "private: void __thiscall Shader::CompileShader(char const *,char const *)" (?CompileShader@Shader@@AAEXPBD0@Z)
Shader.obj : error LNK2019: unresolved external symbol __imp____glewGetProgramiv referenced in function "private: void __thiscall Shader::CompileShader(char const *,char const *)" (?CompileShader@Shader@@AAEXPBD0@Z)
Shader.obj : error LNK2019: unresolved external symbol __imp____glewGetShaderInfoLog referenced in function "private: void __thiscall Shader::AddShader(unsigned int,char const *,unsigned int)" (?AddShader@Shader@@AAEXIPBDI@Z)
Shader.obj : error LNK2019: unresolved external symbol __imp____glewGetShaderiv referenced in function "private: void __thiscall Shader::AddShader(unsigned int,char const *,unsigned int)" (?AddShader@Shader@@AAEXIPBDI@Z)
Shader.obj : error LNK2019: unresolved external symbol __imp____glewGetUniformLocation referenced in function "private: void __thiscall Shader::CompileShader(char const *,char const *)" (?CompileShader@Shader@@AAEXPBD0@Z)
Shader.obj : error LNK2019: unresolved external symbol __imp____glewLinkProgram referenced in function "private: void __thiscall Shader::CompileShader(char const *,char const *)" (?CompileShader@Shader@@AAEXPBD0@Z)
Shader.obj : error LNK2019: unresolved external symbol __imp____glewShaderSource referenced in function "private: void __thiscall Shader::AddShader(unsigned int,char const *,unsigned int)" (?AddShader@Shader@@AAEXIPBDI@Z)
Shader.obj : error LNK2019: unresolved external symbol __imp____glewUniform1i referenced in function "public: void __thiscall Shader::SetPointLights(class PointLight *,unsigned int)" (?SetPointLights@Shader@@QAEXPAVPointLight@@I@Z)
Shader.obj : error LNK2019: unresolved external symbol __imp____glewValidateProgram referenced in function "private: void __thiscall Shader::CompileShader(char const *,char const *)" (?CompileShader@Shader@@AAEXPBD0@Z)
Texture.obj : error LNK2019: unresolved external symbol __imp____glewActiveTexture referenced in function "public: void __thiscall Texture::UseTexture(void)" (?UseTexture@Texture@@QAEXXZ)
Texture.obj : error LNK2019: unresolved external symbol __imp____glewGenerateMipmap referenced in function "public: bool __thiscall Texture::LoadTexture(void)" (?LoadTexture@Texture@@QAE_NXZ)
Window.obj : error LNK2019: unresolved external symbol __imp__glewInit@0 referenced in function "public: int __thiscall Window::Initialise(void)" (?Initialise@Window@@QAEHXZ)
Window.obj : error LNK2019: unresolved external symbol __imp__glewGetErrorString@4 referenced in function "public: int __thiscall Window::Initialise(void)" (?Initialise@Window@@QAEHXZ)
Window.obj : error LNK2019: unresolved external symbol __imp__glewExperimental referenced in function "public: int __thiscall Window::Initialise(void)" (?Initialise@Window@@QAEHXZ)
glfw3.lib(win32_init.obj) : error LNK2019: unresolved external symbol __imp__TranslateMessage@4 referenced in function __glfwInitWin32
glfw3.lib(win32_window.obj) : error LNK2001: unresolved external symbol __imp__TranslateMessage@4
glfw3.lib(win32_init.obj) : error LNK2019: unresolved external symbol __imp__DispatchMessageW@4 referenced in function __glfwInitWin32
glfw3.lib(win32_window.obj) : error LNK2001: unresolved external symbol __imp__DispatchMessageW@4
glfw3.lib(win32_init.obj) : error LNK2019: unresolved external symbol __imp__PeekMessageW@20 referenced in function __glfwInitWin32
glfw3.lib(win32_window.obj) : error LNK2001: unresolved external symbol __imp__PeekMessageW@20
glfw3.lib(win32_init.obj) : error LNK2019: unresolved external symbol __imp__RegisterDeviceNotificationW@12 referenced in function __glfwInitWin32
glfw3.lib(win32_init.obj) : error LNK2019: unresolved external symbol __imp__UnregisterDeviceNotification@4 referenced in function __glfwTerminateWin32
glfw3.lib(win32_init.obj) : error LNK2019: unresolved external symbol __imp__DefWindowProcW@16 referenced in function _helperWindowProc@16
glfw3.lib(win32_window.obj) : error LNK2001: unresolved external symbol __imp__DefWindowProcW@16
glfw3.lib(win32_init.obj) : error LNK2019: unresolved external symbol __imp__UnregisterClassW@8 referenced in function __glfwTerminateWin32
glfw3.lib(win32_init.obj) : error LNK2019: unresolved external symbol __imp__RegisterClassExW@4 referenced in function __glfwInitWin32
glfw3.lib(win32_window.obj) : error LNK2001: unresolved external symbol __imp__RegisterClassExW@4
glfw3.lib(win32_init.obj) : error LNK2019: unresolved external symbol __imp__CreateWindowExW@48 referenced in function __glfwInitWin32
glfw3.lib(win32_window.obj) : error LNK2001: unresolved external symbol __imp__CreateWindowExW@48
glfw3.lib(win32_init.obj) : error LNK2019: unresolved external symbol __imp__DestroyWindow@4 referenced in function __glfwTerminateWin32
glfw3.lib(win32_window.obj) : error LNK2001: unresolved external symbol __imp__DestroyWindow@4
glfw3.lib(win32_init.obj) : error LNK2019: unresolved external symbol __imp__ShowWindow@8 referenced in function __glfwInitWin32
glfw3.lib(win32_window.obj) : error LNK2001: unresolved external symbol __imp__ShowWindow@8
glfw3.lib(win32_init.obj) : error LNK2019: unresolved external symbol __imp__ToUnicode@24 referenced in function __glfwInitWin32
glfw3.lib(win32_init.obj) : error LNK2019: unresolved external symbol __imp__MapVirtualKeyW@8 referenced in function __glfwInitWin32
glfw3.lib(win32_window.obj) : error LNK2001: unresolved external symbol __imp__MapVirtualKeyW@8
glfw3.lib(win32_init.obj) : error LNK2019: unresolved external symbol __imp__DestroyIcon@4 referenced in function __glfwTerminateWin32
glfw3.lib(win32_window.obj) : error LNK2001: unresolved external symbol __imp__DestroyIcon@4
glfw3.lib(win32_monitor.obj) : error LNK2019: unresolved external symbol __imp__CreateDCW@16 referenced in function __glfwGetGammaRampWin32
glfw3.lib(win32_monitor.obj) : error LNK2019: unresolved external symbol __imp__DeleteDC@4 referenced in function __glfwGetGammaRampWin32
glfw3.lib(win32_monitor.obj) : error LNK2019: unresolved external symbol __imp__GetDeviceCaps@8 referenced in function __glfwGetHMONITORContentScaleWin32
glfw3.lib(win32_monitor.obj) : error LNK2019: unresolved external symbol __imp__GetDeviceGammaRamp@8 referenced in function __glfwGetGammaRampWin32
glfw3.lib(win32_monitor.obj) : error LNK2019: unresolved external symbol __imp__SetDeviceGammaRamp@8 referenced in function __glfwSetGammaRampWin32
glfw3.lib(win32_monitor.obj) : error LNK2019: unresolved external symbol __imp__GetDC@4 referenced in function __glfwGetHMONITORContentScaleWin32
glfw3.lib(win32_window.obj) : error LNK2001: unresolved external symbol __imp__GetDC@4
glfw3.lib(wgl_context.obj) : error LNK2001: unresolved external symbol __imp__GetDC@4
glfw3.lib(win32_monitor.obj) : error LNK2019: unresolved external symbol __imp__ReleaseDC@8 referenced in function __glfwGetHMONITORContentScaleWin32
glfw3.lib(win32_window.obj) : error LNK2001: unresolved external symbol __imp__ReleaseDC@8
glfw3.lib(win32_monitor.obj) : error LNK2019: unresolved external symbol __imp__ChangeDisplaySettingsExW@20 referenced in function __glfwGetVideoModesWin32
glfw3.lib(win32_monitor.obj) : error LNK2019: unresolved external symbol __imp__EnumDisplaySettingsW@12 referenced in function __glfwGetVideoModeWin32
glfw3.lib(win32_monitor.obj) : error LNK2019: unresolved external symbol __imp__EnumDisplaySettingsExW@16 referenced in function __glfwGetMonitorPosWin32
glfw3.lib(win32_monitor.obj) : error LNK2019: unresolved external symbol __imp__EnumDisplayDevicesW@16 referenced in function __glfwPollMonitorsWin32
glfw3.lib(win32_monitor.obj) : error LNK2019: unresolved external symbol __imp__GetMonitorInfoW@8 referenced in function __glfwGetMonitorWorkareaWin32
glfw3.lib(win32_window.obj) : error LNK2001: unresolved external symbol __imp__GetMonitorInfoW@8
glfw3.lib(win32_monitor.obj) : error LNK2019: unresolved external symbol __imp__EnumDisplayMonitors@16 referenced in function __glfwPollMonitorsWin32
glfw3.lib(win32_window.obj) : error LNK2019: unresolved external symbol __imp__CreateBitmap@20 referenced in function _createIcon
glfw3.lib(win32_window.obj) : error LNK2019: unresolved external symbol __imp__CreateRectRgn@16 referenced in function _updateFramebufferTransparency
glfw3.lib(win32_window.obj) : error LNK2019: unresolved external symbol __imp__DeleteObject@4 referenced in function _createIcon
glfw3.lib(win32_window.obj) : error LNK2019: unresolved external symbol __imp__CreateDIBSection@24 referenced in function _createIcon
glfw3.lib(win32_window.obj) : error LNK2019: unresolved external symbol __imp__TrackMouseEvent@4 referenced in function _windowProc@16
glfw3.lib(win32_window.obj) : error LNK2019: unresolved external symbol __imp__GetMessageTime@0 referenced in function _windowProc@16
glfw3.lib(win32_window.obj) : error LNK2019: unresolved external symbol __imp__SendMessageW@16 referenced in function __glfwSetWindowIconWin32
glfw3.lib(win32_window.obj) : error LNK2019: unresolved external symbol __imp__PostMessageW@16 referenced in function __glfwPostEmptyEventWin32
glfw3.lib(win32_window.obj) : error LNK2019: unresolved external symbol __imp__WaitMessage@0 referenced in function __glfwWaitEventsWin32
glfw3.lib(win32_window.obj) : error LNK2019: unresolved external symbol __imp__GetLayeredWindowAttributes@16 referenced in function __glfwCreateWindowWin32
glfw3.lib(win32_window.obj) : error LNK2019: unresolved external symbol __imp__SetLayeredWindowAttributes@16 referenced in function __glfwCreateWindowWin32
glfw3.lib(win32_window.obj) : error LNK2019: unresolved external symbol __imp__FlashWindow@8 referenced in function __glfwRequestWindowAttentionWin32
glfw3.lib(win32_window.obj) : error LNK2019: unresolved external symbol __imp__MoveWindow@24 referenced in function __glfwSetWindowAspectRatioWin32
glfw3.lib(win32_window.obj) : error LNK2019: unresolved external symbol __imp__SetWindowPos@28 referenced in function __glfwMaximizeWindowWin32
glfw3.lib(win32_window.obj) : error LNK2019: unresolved external symbol __imp__GetWindowPlacement@8 referenced in function _createNativeWindow
glfw3.lib(win32_window.obj) : error LNK2019: unresolved external symbol __imp__SetWindowPlacement@8 referenced in function _createNativeWindow
glfw3.lib(win32_window.obj) : error LNK2019: unresolved external symbol __imp__IsWindowVisible@4 referenced in function __glfwMaximizeWindowWin32
glfw3.lib(win32_window.obj) : error LNK2019: unresolved external symbol __imp__IsIconic@4 referenced in function __glfwWindowIconifiedWin32
glfw3.lib(win32_window.obj) : error LNK2019: unresolved external symbol __imp__BringWindowToTop@4 referenced in function __glfwCreateWindowWin32
glfw3.lib(win32_window.obj) : error LNK2019: unresolved external symbol __imp__IsZoomed@4 referenced in function __glfwWindowMaximizedWin32
glfw3.lib(win32_window.obj) : error LNK2019: unresolved external symbol __imp__OpenClipboard@4 referenced in function __glfwGetClipboardStringWin32
glfw3.lib(win32_window.obj) : error LNK2019: unresolved external symbol __imp__CloseClipboard@0 referenced in function __glfwGetClipboardStringWin32
glfw3.lib(win32_window.obj) : error LNK2019: unresolved external symbol __imp__SetClipboardData@8 referenced in function __glfwSetClipboardStringWin32
glfw3.lib(win32_window.obj) : error LNK2019: unresolved external symbol __imp__GetClipboardData@4 referenced in function __glfwGetClipboardStringWin32
glfw3.lib(win32_window.obj) : error LNK2019: unresolved external symbol __imp__EmptyClipboard@0 referenced in function __glfwSetClipboardStringWin32
glfw3.lib(win32_window.obj) : error LNK2019: unresolved external symbol __imp__SetFocus@4 referenced in function __glfwCreateWindowWin32
glfw3.lib(win32_window.obj) : error LNK2019: unresolved external symbol __imp__GetActiveWindow@0 referenced in function __glfwPollEventsWin32
glfw3.lib(win32_window.obj) : error LNK2019: unresolved external symbol __imp__GetKeyState@4 referenced in function __glfwPollEventsWin32
glfw3.lib(win32_window.obj) : error LNK2019: unresolved external symbol __imp__SetCapture@4 referenced in function _windowProc@16
glfw3.lib(win32_window.obj) : error LNK2019: unresolved external symbol __imp__ReleaseCapture@0 referenced in function _windowProc@16
glfw3.lib(win32_window.obj) : error LNK2019: unresolved external symbol __imp__MsgWaitForMultipleObjects@20 referenced in function __glfwWaitEventsTimeoutWin32
glfw3.lib(win32_window.obj) : error LNK2019: unresolved external symbol __imp__GetSystemMetrics@4 referenced in function __glfwMaximizeWindowWin32
glfw3.lib(win32_window.obj) : error LNK2019: unresolved external symbol __imp__SetForegroundWindow@4 referenced in function __glfwCreateWindowWin32
glfw3.lib(win32_window.obj) : error LNK2019: unresolved external symbol __imp__SetPropW@12 referenced in function _createNativeWindow
glfw3.lib(win32_window.obj) : error LNK2019: unresolved external symbol __imp__GetPropW@8 referenced in function __glfwPollEventsWin32
glfw3.lib(win32_window.obj) : error LNK2019: unresolved external symbol __imp__RemovePropW@8 referenced in function __glfwDestroyWindowWin32
glfw3.lib(win32_window.obj) : error LNK2019: unresolved external symbol __imp__SetWindowTextW@8 referenced in function __glfwSetWindowTitleWin32
glfw3.lib(win32_window.obj) : error LNK2019: unresolved external symbol __imp__GetClientRect@8 referenced in function __glfwGetFramebufferSizeWin32
glfw3.lib(win32_window.obj) : error LNK2019: unresolved external symbol __imp__GetWindowRect@8 referenced in function __glfwSetWindowAspectRatioWin32
glfw3.lib(win32_window.obj) : error LNK2019: unresolved external symbol __imp__AdjustWindowRectEx@16 referenced in function __glfwGetWindowFrameSizeWin32
glfw3.lib(win32_window.obj) : error LNK2019: unresolved external symbol __imp__SetCursorPos@8 referenced in function __glfwPollEventsWin32
glfw3.lib(win32_window.obj) : error LNK2019: unresolved external symbol __imp__SetCursor@4 referenced in function _disableCursor
glfw3.lib(win32_window.obj) : error LNK2019: unresolved external symbol __imp__GetCursorPos@4 referenced in function __glfwGetCursorPosWin32
glfw3.lib(win32_window.obj) : error LNK2019: unresolved external symbol __imp__ClientToScreen@8 referenced in function __glfwGetWindowPosWin32
glfw3.lib(win32_window.obj) : error LNK2019: unresolved external symbol __imp__ScreenToClient@8 referenced in function __glfwGetCursorPosWin32
glfw3.lib(win32_window.obj) : error LNK2019: unresolved external symbol __imp__WindowFromPoint@8 referenced in function _cursorInContentArea
glfw3.lib(win32_window.obj) : error LNK2019: unresolved external symbol __imp__ClipCursor@4 referenced in function __glfwDestroyWindowWin32
glfw3.lib(win32_window.obj) : error LNK2019: unresolved external symbol __imp__SetRect@20 referenced in function __glfwGetWindowFrameSizeWin32
glfw3.lib(win32_window.obj) : error LNK2019: unresolved external symbol __imp__OffsetRect@12 referenced in function __glfwMaximizeWindowWin32
glfw3.lib(win32_window.obj) : error LNK2019: unresolved external symbol __imp__PtInRect@12 referenced in function _cursorInContentArea
glfw3.lib(win32_window.obj) : error LNK2019: unresolved external symbol __imp__GetWindowLongW@8 referenced in function __glfwCreateWindowWin32
glfw3.lib(win32_window.obj) : error LNK2019: unresolved external symbol __imp__SetWindowLongW@12 referenced in function __glfwCreateWindowWin32
glfw3.lib(win32_window.obj) : error LNK2019: unresolved external symbol __imp__GetClassLongW@8 referenced in function __glfwSetWindowIconWin32
glfw3.lib(win32_window.obj) : error LNK2019: unresolved external symbol __imp__LoadCursorW@8 referenced in function _createNativeWindow
glfw3.lib(win32_window.obj) : error LNK2019: unresolved external symbol __imp__LoadImageW@24 referenced in function __glfwCreateStandardCursorWin32
glfw3.lib(win32_window.obj) : error LNK2019: unresolved external symbol __imp__CreateIconIndirect@4 referenced in function _createIcon
glfw3.lib(win32_window.obj) : error LNK2019: unresolved external symbol __imp__SystemParametersInfoW@16 referenced in function _acquireMonitor
glfw3.lib(win32_window.obj) : error LNK2019: unresolved external symbol __imp__MonitorFromWindow@8 referenced in function __glfwGetWindowContentScaleWin32
glfw3.lib(win32_window.obj) : error LNK2019: unresolved external symbol __imp__GetRawInputData@20 referenced in function _windowProc@16
glfw3.lib(win32_window.obj) : error LNK2019: unresolved external symbol __imp__RegisterRawInputDevices@12 referenced in function __glfwSetRawMouseMotionWin32
glfw3.lib(win32_window.obj) : error LNK2019: unresolved external symbol __imp__DragQueryFileW@16 referenced in function _windowProc@16
glfw3.lib(win32_window.obj) : error LNK2019: unresolved external symbol __imp__DragQueryPoint@8 referenced in function _windowProc@16
glfw3.lib(win32_window.obj) : error LNK2019: unresolved external symbol __imp__DragFinish@4 referenced in function _windowProc@16
glfw3.lib(win32_window.obj) : error LNK2019: unresolved external symbol __imp__DragAcceptFiles@8 referenced in function _createNativeWindow
glfw3.lib(win32_joystick.obj) : error LNK2019: unresolved external symbol __imp__GetRawInputDeviceInfoA@16 referenced in function _deviceCallback@8
glfw3.lib(win32_joystick.obj) : error LNK2019: unresolved external symbol __imp__GetRawInputDeviceList@12 referenced in function _deviceCallback@8
glfw3.lib(wgl_context.obj) : error LNK2019: unresolved external symbol __imp__ChoosePixelFormat@8 referenced in function __glfwInitWGL
glfw3.lib(wgl_context.obj) : error LNK2019: unresolved external symbol __imp__DescribePixelFormat@16 referenced in function __glfwCreateContextWGL
glfw3.lib(wgl_context.obj) : error LNK2019: unresolved external symbol __imp__SetPixelFormat@12 referenced in function __glfwCreateContextWGL
glfw3.lib(wgl_context.obj) : error LNK2019: unresolved external symbol __imp__SwapBuffers@4 referenced in function _swapBuffersWGL
C:\Users\sayoo\Documents\Visual Studio 2022\Extrernal Libs\GLEW\lib\Release\x64\glew32.lib : warning LNK4272: library machine type 'x64' conflicts with target machine type 'x86'
C:\Users\sayoo\Documents\Visual Studio 2022\Projects\SynthWave-Engine\Debug\OpenGLApp.exe : fatal error LNK1120: 129 unresolved externals
