c:\users\sayoo\documents\visual studio 2022\projects\main\synthwave-engine\openglapp\x64\debug\vc143.pdb
c:\users\sayoo\documents\visual studio 2022\projects\main\synthwave-engine\openglapp\x64\debug\vc143.idb
c:\users\sayoo\documents\visual studio 2022\projects\main\synthwave-engine\openglapp\x64\debug\window.obj
c:\users\sayoo\documents\visual studio 2022\projects\main\synthwave-engine\openglapp\x64\debug\texture.obj
c:\users\sayoo\documents\visual studio 2022\projects\main\synthwave-engine\openglapp\x64\debug\shader.obj
c:\users\sayoo\documents\visual studio 2022\projects\main\synthwave-engine\openglapp\x64\debug\pointlight.obj
c:\users\sayoo\documents\visual studio 2022\projects\main\synthwave-engine\openglapp\x64\debug\mesh.obj
c:\users\sayoo\documents\visual studio 2022\projects\main\synthwave-engine\openglapp\x64\debug\material.obj
c:\users\sayoo\documents\visual studio 2022\projects\main\synthwave-engine\openglapp\x64\debug\main.obj
c:\users\sayoo\documents\visual studio 2022\projects\main\synthwave-engine\openglapp\x64\debug\light.obj
c:\users\sayoo\documents\visual studio 2022\projects\main\synthwave-engine\openglapp\x64\debug\directionallight.obj
c:\users\sayoo\documents\visual studio 2022\projects\main\synthwave-engine\openglapp\x64\debug\camera.obj
c:\users\sayoo\documents\visual studio 2022\projects\main\synthwave-engine\openglapp\x64\debug\spotlight.obj
c:\users\sayoo\documents\visual studio 2022\projects\main\synthwave-engine\openglapp\x64\debug\model.obj
c:\users\sayoo\documents\visual studio 2022\projects\synthwave-engine\openglapp\x64\debug\vc143.pdb
c:\users\sayoo\documents\visual studio 2022\projects\synthwave-engine\openglapp\x64\debug\vc143.idb
c:\users\sayoo\documents\visual studio 2022\projects\synthwave-engine\openglapp\x64\debug\window.obj
c:\users\sayoo\documents\visual studio 2022\projects\synthwave-engine\openglapp\x64\debug\texture.obj
c:\users\sayoo\documents\visual studio 2022\projects\synthwave-engine\openglapp\x64\debug\spotlight.obj
c:\users\sayoo\documents\visual studio 2022\projects\synthwave-engine\openglapp\x64\debug\shader.obj
c:\users\sayoo\documents\visual studio 2022\projects\synthwave-engine\openglapp\x64\debug\pointlight.obj
c:\users\sayoo\documents\visual studio 2022\projects\synthwave-engine\openglapp\x64\debug\model.obj
c:\users\sayoo\documents\visual studio 2022\projects\synthwave-engine\openglapp\x64\debug\mesh.obj
c:\users\sayoo\documents\visual studio 2022\projects\synthwave-engine\openglapp\x64\debug\material.obj
c:\users\sayoo\documents\visual studio 2022\projects\synthwave-engine\openglapp\x64\debug\main.obj
c:\users\sayoo\documents\visual studio 2022\projects\synthwave-engine\openglapp\x64\debug\light.obj
c:\users\sayoo\documents\visual studio 2022\projects\synthwave-engine\openglapp\x64\debug\directionallight.obj
c:\users\sayoo\documents\visual studio 2022\projects\synthwave-engine\openglapp\x64\debug\camera.obj
c:\users\sayoo\documents\visual studio 2022\projects\main\synthwave-engine\x64\debug\openglapp.exe
c:\users\sayoo\documents\visual studio 2022\projects\main\synthwave-engine\x64\debug\openglapp.pdb
c:\users\sayoo\documents\visual studio 2022\projects\main\synthwave-engine\openglapp\x64\debug\openglapp.ilk
c:\users\sayoo\documents\visual studio 2022\projects\synthwave-engine\x64\debug\openglapp.pdb
c:\users\sayoo\documents\visual studio 2022\projects\synthwave-engine\openglapp\x64\debug\openglapp.tlog\cl.command.1.tlog
c:\users\sayoo\documents\visual studio 2022\projects\synthwave-engine\openglapp\x64\debug\openglapp.tlog\cl.items.tlog
c:\users\sayoo\documents\visual studio 2022\projects\synthwave-engine\openglapp\x64\debug\openglapp.tlog\cl.read.1.tlog
c:\users\sayoo\documents\visual studio 2022\projects\synthwave-engine\openglapp\x64\debug\openglapp.tlog\cl.write.1.tlog
c:\users\sayoo\documents\visual studio 2022\projects\synthwave-engine\openglapp\x64\debug\openglapp.tlog\link.command.1.tlog
c:\users\sayoo\documents\visual studio 2022\projects\synthwave-engine\openglapp\x64\debug\openglapp.tlog\link.read.1.tlog
c:\users\sayoo\documents\visual studio 2022\projects\synthwave-engine\openglapp\x64\debug\openglapp.tlog\link.secondary.1.tlog
c:\users\sayoo\documents\visual studio 2022\projects\synthwave-engine\openglapp\x64\debug\openglapp.tlog\link.write.1.tlog
